###############################################################################
#                                                                             #
# IAR ELF Linker V1.40.1.50106 for STM8                 29/Jul/2013  11:47:58 #
# Copyright 2010-2013 IAR Systems AB.                                         #
#                                                                             #
#    Output file  =  C:\00FirmwareWorkingAChau\Working\STM8\GTSV_Universal\Pr #
#                    oject\WorkingUniversalOptimize\IAR\Debug\Exe\templproj.o #
#                    ut                                                       #
#    Map file     =  C:\00FirmwareWorkingAChau\Working\STM8\GTSV_Universal\Pr #
#                    oject\WorkingUniversalOptimize\IAR\Debug\List\templproj. #
#                    map                                                      #
#    Command line =  C:\00FirmwareWorkingAChau\Working\STM8\GTSV_Universal\Pr #
#                    oject\WorkingUniversalOptimize\IAR\Debug\Obj\SPI_LCD_TM1 #
#                    723.o C:\00FirmwareWorkingAChau\Working\STM8\GTSV_Univer #
#                    sal\Project\WorkingUniversalOptimize\IAR\Debug\Obj\UI_Wh #
#                    iteCTRL.o C:\00FirmwareWorkingAChau\Working\STM8\GTSV_Un #
#                    iversal\Project\WorkingUniversalOptimize\IAR\Debug\Obj\i #
#                    nput.o C:\00FirmwareWorkingAChau\Working\STM8\GTSV_Unive #
#                    rsal\Project\WorkingUniversalOptimize\IAR\Debug\Obj\main #
#                    .o C:\00FirmwareWorkingAChau\Working\STM8\GTSV_Universal #
#                    \Project\WorkingUniversalOptimize\IAR\Debug\Obj\stm8s_aw #
#                    u.o C:\00FirmwareWorkingAChau\Working\STM8\GTSV_Universa #
#                    l\Project\WorkingUniversalOptimize\IAR\Debug\Obj\stm8s_c #
#                    lk.o C:\00FirmwareWorkingAChau\Working\STM8\GTSV_Univers #
#                    al\Project\WorkingUniversalOptimize\IAR\Debug\Obj\stm8s_ #
#                    exti.o C:\00FirmwareWorkingAChau\Working\STM8\GTSV_Unive #
#                    rsal\Project\WorkingUniversalOptimize\IAR\Debug\Obj\stm8 #
#                    s_flash.o C:\00FirmwareWorkingAChau\Working\STM8\GTSV_Un #
#                    iversal\Project\WorkingUniversalOptimize\IAR\Debug\Obj\s #
#                    tm8s_gpio.o C:\00FirmwareWorkingAChau\Working\STM8\GTSV_ #
#                    Universal\Project\WorkingUniversalOptimize\IAR\Debug\Obj #
#                    \stm8s_i2c.o C:\00FirmwareWorkingAChau\Working\STM8\GTSV #
#                    _Universal\Project\WorkingUniversalOptimize\IAR\Debug\Ob #
#                    j\stm8s_it.o C:\00FirmwareWorkingAChau\Working\STM8\GTSV #
#                    _Universal\Project\WorkingUniversalOptimize\IAR\Debug\Ob #
#                    j\stm8s_itc.o C:\00FirmwareWorkingAChau\Working\STM8\GTS #
#                    V_Universal\Project\WorkingUniversalOptimize\IAR\Debug\O #
#                    bj\stm8s_iwdg.o C:\00FirmwareWorkingAChau\Working\STM8\G #
#                    TSV_Universal\Project\WorkingUniversalOptimize\IAR\Debug #
#                    \Obj\stm8s_rst.o C:\00FirmwareWorkingAChau\Working\STM8\ #
#                    GTSV_Universal\Project\WorkingUniversalOptimize\IAR\Debu #
#                    g\Obj\stm8s_spi.o C:\00FirmwareWorkingAChau\Working\STM8 #
#                    \GTSV_Universal\Project\WorkingUniversalOptimize\IAR\Deb #
#                    ug\Obj\stm8s_tim1.o C:\00FirmwareWorkingAChau\Working\ST #
#                    M8\GTSV_Universal\Project\WorkingUniversalOptimize\IAR\D #
#                    ebug\Obj\stm8s_tim2.o C:\00FirmwareWorkingAChau\Working\ #
#                    STM8\GTSV_Universal\Project\WorkingUniversalOptimize\IAR #
#                    \Debug\Obj\stm8s_tim4.o C:\00FirmwareWorkingAChau\Workin #
#                    g\STM8\GTSV_Universal\Project\WorkingUniversalOptimize\I #
#                    AR\Debug\Obj\stm8s_wwdg.o --redirect                     #
#                    _Printf=_PrintfFullNoMb --redirect                       #
#                    _Scanf=_ScanfFullNoMb -o C:\00FirmwareWorkingAChau\Worki #
#                    ng\STM8\GTSV_Universal\Project\WorkingUniversalOptimize\ #
#                    IAR\Debug\Exe\templproj.out --map                        #
#                    C:\00FirmwareWorkingAChau\Working\STM8\GTSV_Universal\Pr #
#                    oject\WorkingUniversalOptimize\IAR\Debug\List\templproj. #
#                    map --config "C:\Program Files (x86)\IAR                 #
#                    Systems\Embedded Workbench 6.5\stm8\config\lnkstm8s003f3 #
#                    .icf" --config_def _CSTACK_SIZE=0x100 --config_def       #
#                    _HEAP_SIZE=0x100 --entry __iar_program_start --debug_lib #
#                                                                             #
#                                                                             #
###############################################################################

*******************************************************************************
*** RUNTIME MODEL ATTRIBUTES
***

__SystemLibrary            = DLib
__code_model               = medium_or_large
__core                     = stm8
__data_model               = medium
__dlib_file_descriptor     = 0
__dlib_full_locale_support = 0
__rt_version               = 4


*******************************************************************************
*** PLACEMENT SUMMARY
***

"A1":  place at start of [0x000000-0x0000ff] { rw section .vregs };
"A2":  place at end of [0x000000-0x0003ff] { block CSTACK };
"P2":  place in [from 0x000000 to 0x0003ff] {
          block HEAP, rw section .far.bss, rw section .far.data,
          rw section .far.noinit, rw section .far_func.textrw,
          rw section .huge.bss, rw section .huge.data, rw section .huge.noinit,
          rw section .huge_func.textrw, rw section .iar.dynexit,
          rw section .near.bss, rw section .near.data, rw section .near.noinit,
          rw section .near_func.textrw };
"A3":  place at start of [0x008000-0x009fff] { block INTVEC };
"P3":  place in [from 0x008000 to 0x009fff] {
          ro section .far.data_init, ro section .far_func.textrw_init,
          ro section .huge.data_init, ro section .huge_func.textrw_init,
          ro section .iar.init_table, ro section .init_array,
          ro section .near.data_init, ro section .near.rodata,
          ro section .near_func.text, ro section .near_func.textrw_init,
          ro section .tiny.data_init, ro section .tiny.rodata_init };
"P4":  place in [from 0x008000 to 0x009fff] {
          ro section .far.rodata, ro section .far_func.text };

  Section            Kind      Address    Size  Object
  -------            ----      -------    ----  ------
"A1":                                     0x10
  .vregs             uninit   0x000000    0x10  vregs.o [4]
                            - 0x000010    0x10

"P2", part 1 of 2:                         0x1
  P2 s0                       0x000010     0x1  <Init block>
    .near.data       inited   0x000010     0x1  main.o [1]
                            - 0x000011     0x1

"P2", part 2 of 2:                        0x63
  .near.bss          zero     0x000011    0x23  main.o [1]
  .near.bss          zero     0x000034    0x16  main.o [1]
  .near.bss          zero     0x00004a    0x10  SPI_LCD_TM1723.o [1]
  .near.bss          zero     0x00005a     0x8  main.o [1]
  .near.bss          zero     0x000062     0x2  main.o [1]
  .near.bss          zero     0x000064     0x2  main.o [1]
  .near.bss          zero     0x000066     0x2  main.o [1]
  .near.bss          zero     0x000068     0x2  main.o [1]
  .near.bss          zero     0x00006a     0x1  SPI_LCD_TM1723.o [1]
  .near.bss          zero     0x00006b     0x1  SPI_LCD_TM1723.o [1]
  .near.bss          zero     0x00006c     0x1  SPI_LCD_TM1723.o [1]
  .near.bss          zero     0x00006d     0x1  SPI_LCD_TM1723.o [1]
  .near.bss          zero     0x00006e     0x1  SPI_LCD_TM1723.o [1]
  .near.bss          zero     0x00006f     0x1  SPI_LCD_TM1723.o [1]
  .near.bss          zero     0x000070     0x1  SPI_LCD_TM1723.o [1]
  .near.bss          zero     0x000071     0x1  SPI_LCD_TM1723.o [1]
  .near.bss          zero     0x000072     0x1  main.o [1]
  .near.bss          zero     0x000073     0x1  main.o [1]
                            - 0x000074    0x63

"A2":                                    0x100
  CSTACK                      0x000300   0x100  <Block>
    CSTACK           uninit   0x000300   0x100  <Block tail>
                            - 0x000400   0x100

"A3":                                     0x80
  INTVEC                      0x008000    0x80  <Block>
    .intvec          const    0x008000    0x80  interrupt.o [4]
                            - 0x008080    0x80

"P3":                                     0x52
  .iar.init_table    const    0x008080    0x14  - Linker created -
  .near.rodata       const    0x008094     0xc  SPI_LCD_TM1723.o [1]
  .near.rodata       const    0x0080a0     0xc  SPI_LCD_TM1723.o [1]
  .near.rodata       const    0x0080ac     0xc  SPI_LCD_TM1723.o [1]
  .near.rodata       const    0x0080b8     0xc  SPI_LCD_TM1723.o [1]
  .near.rodata       const    0x0080c4     0x9  SPI_LCD_TM1723.o [1]
  .near.rodata       const    0x0080cd     0x4  SPI_LCD_TM1723.o [1]
  Initializer bytes  ro data  0x0080d1     0x1  <for P2 s0>
                            - 0x0080d2    0x52

"P4":                                   0x1958
  .far_func.text     ro code  0x0080d2   0x773  UI_WhiteCTRL.o [1]
  .far_func.text     ro code  0x008845   0x3b3  UI_WhiteCTRL.o [1]
  .far_func.text     ro code  0x008bf8   0x203  input.o [1]
  .far_func.text     ro code  0x008dfb   0x171  SPI_LCD_TM1723.o [1]
  .far_func.text     ro code  0x008f6c   0x11d  SPI_LCD_TM1723.o [1]
  .far_func.text     ro code  0x009089    0xaa  vreg_util.o [4]
  .far_func.text     ro code  0x009133    0xa3  long.o [4]
  .far_func.text     ro code  0x0091d6    0x9e  main.o [1]
  .far_func.text     ro code  0x009274    0x86  SPI_LCD_TM1723.o [1]
  .far_func.text     ro code  0x0092fa    0x7a  SPI_LCD_TM1723.o [1]
  .far_func.text     ro code  0x009374    0x75  main.o [1]
  .far_func.text     ro code  0x0093e9    0x75  main.o [1]
  .far_func.text     ro code  0x00945e    0x6b  stm8s_gpio.o [1]
  .far_func.text     ro code  0x0094c9    0x5f  input.o [1]
  .far_func.text     ro code  0x009528    0x53  SPI_LCD_TM1723.o [1]
  .far_func.text     ro code  0x00957b    0x4c  long_util.o [4]
  .far_func.text     ro code  0x0095c7    0x44  UI_WhiteCTRL.o [1]
  .far_func.text     ro code  0x00960b    0x3b  main.o [1]
  .far_func.text     ro code  0x009646    0x37  SPI_LCD_TM1723.o [1]
  .far_func.text     ro code  0x00967d    0x31  main.o [1]
  .far_func.text     ro code  0x0096ae    0x30  main.o [1]
  .far_func.text     ro code  0x0096de    0x2c  dc_util.o [4]
  .far_func.text     ro code  0x00970a    0x2a  SPI_LCD_TM1723.o [1]
  .far_func.text     ro code  0x009734    0x28  init_small.o [4]
  .far_func.text     ro code  0x00975c    0x1f  stm8s_it.o [1]
  .far_func.text     ro code  0x00977b    0x1f  stm8s_it.o [1]
  .far_func.text     ro code  0x00979a    0x1e  init.o [4]
  .far_func.text     ro code  0x0097b8    0x1e  init_small.o [4]
  .far_func.text     ro code  0x0097d6    0x1c  UI_WhiteCTRL.o [1]
  .far_func.text     ro code  0x0097f2    0x18  UI_WhiteCTRL.o [1]
  .far_func.text     ro code  0x00980a    0x17  cstartup.o [4]
  .far_func.text     ro code  0x009821    0x16  __dbg_xxexit.o [3]
  .far_func.text     ro code  0x009837    0x14  input.o [1]
  .far_func.text     ro code  0x00984b    0x13  main.o [1]
  .far_func.text     ro code  0x00985e    0x12  SPI_LCD_TM1723.o [1]
  .far_func.text     ro code  0x009870    0x12  main.o [1]
  .far_func.text     ro code  0x009882    0x10  input.o [1]
  .far_func.text     ro code  0x009892     0xf  SPI_LCD_TM1723.o [1]
  .far_func.text     ro code  0x0098a1     0xe  UI_WhiteCTRL.o [1]
  .far_func.text     ro code  0x0098af     0xe  main.o [1]
  .far_func.text     ro code  0x0098bd     0xe  stm8s_spi.o [1]
  .far_func.text     ro code  0x0098cb     0xe  far_util.o [4]
  .far_func.text     ro code  0x0098d9     0xd  SPI_LCD_TM1723.o [1]
  .far_func.text     ro code  0x0098e6     0xd  UI_WhiteCTRL.o [1]
  .far_func.text     ro code  0x0098f3     0xd  input.o [1]
  .far_func.text     ro code  0x009900     0xc  main.o [1]
  .far_func.text     ro code  0x00990c     0xc  main.o [1]
  .far_func.text     ro code  0x009918     0xb  UI_WhiteCTRL.o [1]
  .far_func.text     ro code  0x009923     0xb  UI_WhiteCTRL.o [1]
  .far_func.text     ro code  0x00992e     0xb  UI_WhiteCTRL.o [1]
  .far_func.text     ro code  0x009939     0xb  input.o [1]
  .far_func.text     ro code  0x009944     0xb  input.o [1]
  .far_func.text     ro code  0x00994f     0xa  input.o [1]
  .far_func.text     ro code  0x009959     0xa  main.o [1]
  .far_func.text     ro code  0x009963     0x9  SPI_LCD_TM1723.o [1]
  .far_func.text     ro code  0x00996c     0x9  SPI_LCD_TM1723.o [1]
  .far_func.text     ro code  0x009975     0x9  UI_WhiteCTRL.o [1]
  .far_func.text     ro code  0x00997e     0x9  UI_WhiteCTRL.o [1]
  .far_func.text     ro code  0x009987     0x9  input.o [1]
  .far_func.text     ro code  0x009990     0x8  UI_WhiteCTRL.o [1]
  .far_func.text     ro code  0x009998     0x8  input.o [1]
  .far_func.text     ro code  0x0099a0     0x8  input.o [1]
  .far_func.text     ro code  0x0099a8     0x8  short.o [4]
  .far_func.text     ro code  0x0099b0     0x7  input.o [1]
  .far_func.text     ro code  0x0099b7     0x7  input.o [1]
  .far_func.text     ro code  0x0099be     0x7  input.o [1]
  .far_func.text     ro code  0x0099c5     0x7  main.o [1]
  .far_func.text     ro code  0x0099cc     0x6  SPI_LCD_TM1723.o [1]
  .far_func.text     ro code  0x0099d2     0x6  UI_WhiteCTRL.o [1]
  .far_func.text     ro code  0x0099d8     0x6  UI_WhiteCTRL.o [1]
  .far_func.text     ro code  0x0099de     0x6  input.o [1]
  .far_func.text     ro code  0x0099e4     0x6  input.o [1]
  .far_func.text     ro code  0x0099ea     0x6  char.o [4]
  .far_func.text     ro code  0x0099f0     0x6  cexit.o [4]
  .far_func.text     ro code  0x0099f6     0x5  UI_WhiteCTRL.o [1]
  .far_func.text     ro code  0x0099fb     0x5  input.o [1]
  .far_func.text     ro code  0x009a00     0x5  input.o [1]
  .far_func.text     ro code  0x009a05     0x4  SPI_LCD_TM1723.o [1]
  .far_func.text     ro code  0x009a09     0x4  interrupt.o [4]
  .far_func.text     ro code  0x009a0d     0x4  exit.o [4]
  .far_func.text     ro code  0x009a11     0x3  low_level_init.o [4]
  .far_func.text     ro code  0x009a14     0x3  unhandled_exception.o [4]
  .far_func.text     ro code  0x009a17     0x1  stm8s_it.o [1]
  .far_func.text     ro code  0x009a18     0x1  stm8s_it.o [1]
  .far_func.text     ro code  0x009a19     0x1  stm8s_it.o [1]
  .far_func.text     ro code  0x009a1a     0x1  stm8s_it.o [1]
  .far_func.text     ro code  0x009a1b     0x1  stm8s_it.o [1]
  .far_func.text     ro code  0x009a1c     0x1  stm8s_it.o [1]
  .far_func.text     ro code  0x009a1d     0x1  stm8s_it.o [1]
  .far_func.text     ro code  0x009a1e     0x1  stm8s_it.o [1]
  .far_func.text     ro code  0x009a1f     0x1  stm8s_it.o [1]
  .far_func.text     ro code  0x009a20     0x1  stm8s_it.o [1]
  .far_func.text     ro code  0x009a21     0x1  stm8s_it.o [1]
  .far_func.text     ro code  0x009a22     0x1  stm8s_it.o [1]
  .far_func.text     ro code  0x009a23     0x1  stm8s_it.o [1]
  .far_func.text     ro code  0x009a24     0x1  stm8s_it.o [1]
  .far_func.text     ro code  0x009a25     0x1  stm8s_it.o [1]
  .far_func.text     ro code  0x009a26     0x1  stm8s_it.o [1]
  .far_func.text     ro code  0x009a27     0x1  stm8s_it.o [1]
  .far_func.text     ro code  0x009a28     0x1  stm8s_it.o [1]
  .far_func.text     ro code  0x009a29     0x1  __dbg_break.o [3]
                            - 0x009a2a  0x1958


*******************************************************************************
*** INIT TABLE
***

          Address   Size
          -------   ----
Zero (__iar_zero_init2)
    1 destination range, total size 0x63:
          0x000011  0x63

Copy (__iar_copy_init2)
    1 source range, total size 0x1:
          0x0080d1   0x1
    1 destination range, total size 0x1:
          0x000010   0x1



*******************************************************************************
*** MODULE SUMMARY
***

    Module                 ro code  ro data  rw data
    ------                 -------  -------  -------
C:\00FirmwareWorkingAChau\Working\STM8\GTSV_Universal\Project\WorkingUniversalOptimize\IAR\Debug\Obj: [1]
    SPI_LCD_TM1723.o         1 164       61       24
    UI_WhiteCTRL.o           3 077
    input.o                    759
    main.o                     640        1       76
    stm8s_gpio.o               107
    stm8s_it.o                  80
    stm8s_spi.o                 14
    ------------------------------------------------
    Total:                   5 841       62      100

command line: [2]
    ------------------------------------------------
    Total:

dbgstm8mmd.a: [3]
    __dbg_break.o                1
    __dbg_xxexit.o              22
    ------------------------------------------------
    Total:                      23

dlstm8mmn.a: [4]
    cexit.o                      6
    char.o                       6
    cstartup.o                  23
    dc_util.o                   44
    exit.o                       4
    far_util.o                  14
    init.o                      30
    init_small.o                70
    interrupt.o                  4      128
    long.o                     163
    long_util.o                 76
    low_level_init.o             3
    short.o                      8
    unhandled_exception.o        3
    vreg_util.o                170
    vregs.o                                       16
    ------------------------------------------------
    Total:                     624      128       16

    Linker created                       20      256
----------------------------------------------------
    Grand Total:             6 488      210      372


*******************************************************************************
*** ENTRY LIST
***

Entry                   Address   Size  Type      Object
-----                   -------   ----  ----      ------
?b0                    0x000000         Data  Gb  vregs.o [4]
?b1                    0x000001         Data  Gb  vregs.o [4]
?b10                   0x00000a         Data  Gb  vregs.o [4]
?b11                   0x00000b         Data  Gb  vregs.o [4]
?b12                   0x00000c         Data  Gb  vregs.o [4]
?b13                   0x00000d         Data  Gb  vregs.o [4]
?b14                   0x00000e         Data  Gb  vregs.o [4]
?b15                   0x00000f         Data  Gb  vregs.o [4]
?b2                    0x000002         Data  Gb  vregs.o [4]
?b3                    0x000003         Data  Gb  vregs.o [4]
?b4                    0x000004         Data  Gb  vregs.o [4]
?b5                    0x000005         Data  Gb  vregs.o [4]
?b6                    0x000006         Data  Gb  vregs.o [4]
?b7                    0x000007         Data  Gb  vregs.o [4]
?b8                    0x000008         Data  Gb  vregs.o [4]
?b9                    0x000009         Data  Gb  vregs.o [4]
?dc32_l1               0x0096de         Code  Gb  dc_util.o [4]
?dec32_0x_0x           0x00914b         Code  Gb  long.o [4]
?dec32_l0_l0           0x009146         Code  Gb  long.o [4]
?e0                    0x000001         Data  Gb  vregs.o [4]
?e1                    0x000005         Data  Gb  vregs.o [4]
?e2                    0x000009         Data  Gb  vregs.o [4]
?e3                    0x00000d         Data  Gb  vregs.o [4]
?epilogue_l2           0x009129         Code  Gb  vreg_util.o [4]
?epilogue_l2_l3        0x009125         Code  Gb  vreg_util.o [4]
?epilogue_w4           0x00912e         Code  Gb  vreg_util.o [4]
?inc32_0x_0x           0x009138         Code  Gb  long.o [4]
?inc32_l0_l0           0x009133         Code  Gb  long.o [4]
?l0                    0x000000         Data  Gb  vregs.o [4]
?l1                    0x000004         Data  Gb  vregs.o [4]
?l2                    0x000008         Data  Gb  vregs.o [4]
?l3                    0x00000c         Data  Gb  vregs.o [4]
?load24_e1_0x          0x0098cb         Code  Gb  far_util.o [4]
?load32_0x_l0          0x0095ab         Code  Gb  long_util.o [4]
?load32_0x_l1          0x0095b9         Code  Gb  long_util.o [4]
?load32_l0_0x          0x009595         Code  Gb  long_util.o [4]
?load32_l0_asp         0x009589         Code  Gb  long_util.o [4]
?load32_l0_dbsp        0x00957b         Code  Gb  long_util.o [4]
?load32_l0_xsp         0x00958b         Code  Gb  long_util.o [4]
?load32_xsp_l0         0x0095a1         Code  Gb  long_util.o [4]
?pop_l0                0x0090ed         Code  Gb  vreg_util.o [4]
?pop_l1                0x0090f8         Code  Gb  vreg_util.o [4]
?pop_l2                0x009103         Code  Gb  vreg_util.o [4]
?pop_l3                0x00910e         Code  Gb  vreg_util.o [4]
?pop_w4                0x0090a5         Code  Gb  vreg_util.o [4]
?push_l0               0x0090b8         Code  Gb  vreg_util.o [4]
?push_l1               0x0090bd         Code  Gb  vreg_util.o [4]
?push_l2               0x0090c2         Code  Gb  vreg_util.o [4]
?push_l3               0x0090c7         Code  Gb  vreg_util.o [4]
?push_w4               0x009089         Code  Gb  vreg_util.o [4]
?sll16_x_x_a           0x0099a8         Code  Gb  short.o [4]
?srl8_a_a_5            0x0099eb         Code  Gb  char.o [4]
?srl8_a_a_6            0x0099ea         Code  Gb  char.o [4]
?udiv32_l0_l0_dl       0x009165         Code  Gb  long.o [4]
?udiv32_l0_l0_l1       0x009169         Code  Gb  long.o [4]
?umod32_l1_l0_dl       0x00915f         Code  Gb  long.o [4]
?umod32_l1_l0_l1       0x009169         Code  Gb  long.o [4]
?w0                    0x000000         Data  Gb  vregs.o [4]
?w1                    0x000002         Data  Gb  vregs.o [4]
?w2                    0x000004         Data  Gb  vregs.o [4]
?w3                    0x000006         Data  Gb  vregs.o [4]
?w4                    0x000008         Data  Gb  vregs.o [4]
?w5                    0x00000a         Data  Gb  vregs.o [4]
?w6                    0x00000c         Data  Gb  vregs.o [4]
?w7                    0x00000e         Data  Gb  vregs.o [4]
ADC1_IRQHandler        0x009a27    0x1  Code  Gb  stm8s_it.o [1]
AWU_IRQHandler         0x009a19    0x1  Code  Gb  stm8s_it.o [1]
Buzzer_bip             0x009959    0xa  Code  Gb  main.o [1]
Buzzer_doubleBip       0x0098af    0xe  Code  Gb  main.o [1]
CLK_IRQHandler         0x009a1a    0x1  Code  Gb  stm8s_it.o [1]
CSTACK$$Base           0x000300          --   Gb  - Linker created -
CSTACK$$Limit          0x000400          --   Gb  - Linker created -
CTLR_init              0x0095c7   0x44  Code  Gb  UI_WhiteCTRL.o [1]
CTRL_ISR1s             0x008a37   0x4f  Code  Gb  UI_WhiteCTRL.o [1]
CTRL_ISR50ms           0x008a21   0x16  Code  Gb  UI_WhiteCTRL.o [1]
CTRL_decrease_auto_power_off_delay_time
                       0x008aae   0x19  Code  Gb  UI_WhiteCTRL.o [1]
CTRL_decrease_blowerSpeed
                       0x008b5c   0x17  Code  Gb  UI_WhiteCTRL.o [1]
CTRL_increase_auto_power_off_delay_time
                       0x008a95   0x19  Code  Gb  UI_WhiteCTRL.o [1]
CTRL_increase_blowerSpeed
                       0x008b73   0x17  Code  Gb  UI_WhiteCTRL.o [1]
CTRL_rtc_run           0x00899d   0x84  Code  Gb  UI_WhiteCTRL.o [1]
CTRL_run               0x0080d2  0x773  Code  Gb  UI_WhiteCTRL.o [1]
CTRL_set_blowerSpeed   0x008b8a   0x6e  Code  Gb  UI_WhiteCTRL.o [1]
CTRL_set_lamp          0x008b39   0x12  Code  Gb  UI_WhiteCTRL.o [1]
CTRL_set_main_working_mode
                       0x0099f6    0x5  Code  Gb  UI_WhiteCTRL.o [1]
CTRL_set_state         0x008ad6   0x35  Code  Gb  UI_WhiteCTRL.o [1]
CTRL_toggle_lamp       0x008b13   0x15  Code  Gb  UI_WhiteCTRL.o [1]
Check_working_mode     0x0091d6   0x9e  Code  Gb  main.o [1]
EEPROM_EEC_IRQHandler  0x009a28    0x1  Code  Gb  stm8s_it.o [1]
EXTI_PORTA_IRQHandler  0x009a1b    0x1  Code  Gb  stm8s_it.o [1]
EXTI_PORTB_IRQHandler  0x009a1c    0x1  Code  Gb  stm8s_it.o [1]
EXTI_PORTC_IRQHandler  0x009a1d    0x1  Code  Gb  stm8s_it.o [1]
EXTI_PORTD_IRQHandler  0x009a1e    0x1  Code  Gb  stm8s_it.o [1]
EXTI_PORTE_IRQHandler  0x009a1f    0x1  Code  Gb  stm8s_it.o [1]
GPIO_Init              0x00945e   0x6b  Code  Gb  stm8s_gpio.o [1]
I2C_IRQHandler         0x009a26    0x1  Code  Gb  stm8s_it.o [1]
INPUT_key_ISR50ms      0x008bf8  0x203  Code  Gb  input.o [1]
INPUT_key_check        0x0099fb    0x5  Code  Gb  input.o [1]
INPUT_key_check_holding
                       0x009944    0xb  Code  Gb  input.o [1]
INPUT_key_check_holding_late
                       0x009939    0xb  Code  Gb  input.o [1]
INPUT_key_check_touching
                       0x0099a0    0x8  Code  Gb  input.o [1]
INPUT_key_check_up     0x0099be    0x7  Code  Gb  input.o [1]
INPUT_key_init         0x009837   0x14  Code  Gb  input.o [1]
INPUT_key_run          0x0094c9   0x5f  Code  Gb  input.o [1]
INTVEC$$Base           0x008000          --   Gb  - Linker created -
INTVEC$$Limit          0x008080          --   Gb  - Linker created -
LCD_blink_ISR100ms     0x0092fa   0x7a  Code  Gb  SPI_LCD_TM1723.o [1]
LCD_clear              0x00985e   0x12  Code  Gb  SPI_LCD_TM1723.o [1]
LCD_clear_fan          0x008fa1   0x13  Code  Gb  SPI_LCD_TM1723.o [1]
LCD_clear_hour1        0x008ebf    0xf  Code  Gb  SPI_LCD_TM1723.o [1]
LCD_clear_hour2        0x008e41   0x10  Code  Gb  SPI_LCD_TM1723.o [1]
LCD_clear_min1         0x008e6e   0x10  Code  Gb  SPI_LCD_TM1723.o [1]
LCD_clear_min2         0x008e14   0x10  Code  Gb  SPI_LCD_TM1723.o [1]
LCD_clear_speed        0x00996c    0x9  Code  Gb  SPI_LCD_TM1723.o [1]
LCD_fill_hour1         0x008ece   0x1c  Code  Gb  SPI_LCD_TM1723.o [1]
LCD_fill_hour2         0x008e51   0x1d  Code  Gb  SPI_LCD_TM1723.o [1]
LCD_fill_min1          0x008e87   0x1d  Code  Gb  SPI_LCD_TM1723.o [1]
LCD_fill_min2          0x008e24   0x1d  Code  Gb  SPI_LCD_TM1723.o [1]
LCD_fill_pos_with_num  0x008eea   0x82  Code  Gb  SPI_LCD_TM1723.o [1]
LCD_fill_speed         0x008dfb   0x19  Code  Gb  SPI_LCD_TM1723.o [1]
LCD_flush_buf_to_lcd   0x009528   0x53  Code  Gb  SPI_LCD_TM1723.o [1]
LCD_get_blink_cursor   0x009a05    0x4  Code  Gb  SPI_LCD_TM1723.o [1]
LCD_icon_fan           0x008fb4   0x40  Code  Gb  SPI_LCD_TM1723.o [1]
LCD_icon_off           0x009003   0x86  Code  Gb  SPI_LCD_TM1723.o [1]
LCD_icon_on            0x009274   0x86  Code  Gb  SPI_LCD_TM1723.o [1]
LCD_icon_rotate_fan    0x008f6c   0x35  Code  Gb  SPI_LCD_TM1723.o [1]
LCD_to_default_config  0x009646   0x37  Code  Gb  SPI_LCD_TM1723.o [1]
MainISR_50ms           0x0096ae   0x30  Code  Gb  main.o [1]
Ports_to_default_config
                       0x0093e9   0x75  Code  Lc  main.o [1]
Region$$Table$$Base    0x008080          --   Gb  - Linker created -
Region$$Table$$Limit   0x008094          --   Gb  - Linker created -
SPI_GetFlagStatus      0x0098bd    0xe  Code  Gb  stm8s_spi.o [1]
SPI_IRQHandler         0x009a20    0x1  Code  Gb  stm8s_it.o [1]
TIM1_CAP_COM_IRQHandler
                       0x009a22    0x1  Code  Gb  stm8s_it.o [1]
TIM1_UPD_OVF_TRG_BRK_IRQHandler
                       0x009a21    0x1  Code  Gb  stm8s_it.o [1]
TIM2_CAP_COM_IRQHandler
                       0x009a23    0x1  Code  Gb  stm8s_it.o [1]
TIM2_UPD_OVF_BRK_IRQHandler
                       0x00975c   0x1f  Code  Gb  stm8s_it.o [1]
TIM4_UPD_OVF_IRQHandler
                       0x00977b   0x1f  Code  Gb  stm8s_it.o [1]
TLI_IRQHandler         0x009a18    0x1  Code  Gb  stm8s_it.o [1]
TRAP_IRQHandler        0x009a17    0x1  Code  Gb  stm8s_it.o [1]
Timer2_ISR             0x00960b   0x3b  Code  Gb  main.o [1]
Timer4_ISR             0x00984b   0x13  Code  Gb  main.o [1]
Timers_to_default_config
                       0x00967d   0x31  Code  Lc  main.o [1]
UART1_RX_IRQHandler    0x009a25    0x1  Code  Gb  stm8s_it.o [1]
UART1_TX_IRQHandler    0x009a24    0x1  Code  Gb  stm8s_it.o [1]
__DebugBreak           0x009a29    0x1  Code  Gb  __dbg_break.o [3]
__exit                 0x009821   0x16  Code  Gb  __dbg_xxexit.o [3]
__iar_copy_init2       0x009734         Code  Gb  init_small.o [4]
__iar_data_init2       0x00979a   0x1e  Code  Gb  init.o [4]
__iar_program_start    0x00980a         Code  Gb  cstartup.o [4]
__iar_unhandled_exception
                       0x009a14         Code  Gb  unhandled_exception.o [4]
__iar_zero_init2       0x0097b8         Code  Gb  init_small.o [4]
__intvec               0x008000         Data  Gb  interrupt.o [4]
__low_level_init       0x009a11    0x3  Code  Gb  low_level_init.o [4]
_exit                  0x0099f0         Code  Gb  cexit.o [4]
_interrupt_1           0x009a17         Code  Gb  stm8s_it.o [1]
_interrupt_10          0x009a09         Code  Wk  interrupt.o [4]
_interrupt_11          0x009a09         Code  Wk  interrupt.o [4]
_interrupt_12          0x009a20         Code  Gb  stm8s_it.o [1]
_interrupt_13          0x009a21         Code  Gb  stm8s_it.o [1]
_interrupt_14          0x009a22         Code  Gb  stm8s_it.o [1]
_interrupt_15          0x00975c         Code  Gb  stm8s_it.o [1]
_interrupt_16          0x009a23         Code  Gb  stm8s_it.o [1]
_interrupt_17          0x009a09         Code  Wk  interrupt.o [4]
_interrupt_18          0x009a09         Code  Wk  interrupt.o [4]
_interrupt_19          0x009a24         Code  Gb  stm8s_it.o [1]
_interrupt_2           0x009a18         Code  Gb  stm8s_it.o [1]
_interrupt_20          0x009a25         Code  Gb  stm8s_it.o [1]
_interrupt_21          0x009a26         Code  Gb  stm8s_it.o [1]
_interrupt_22          0x009a09         Code  Wk  interrupt.o [4]
_interrupt_23          0x009a09         Code  Wk  interrupt.o [4]
_interrupt_24          0x009a27         Code  Gb  stm8s_it.o [1]
_interrupt_25          0x00977b         Code  Gb  stm8s_it.o [1]
_interrupt_26          0x009a28         Code  Gb  stm8s_it.o [1]
_interrupt_27          0x009a09         Code  Wk  interrupt.o [4]
_interrupt_28          0x009a09         Code  Wk  interrupt.o [4]
_interrupt_29          0x009a09         Code  Wk  interrupt.o [4]
_interrupt_3           0x009a19         Code  Gb  stm8s_it.o [1]
_interrupt_30          0x009a09         Code  Wk  interrupt.o [4]
_interrupt_31          0x009a09         Code  Wk  interrupt.o [4]
_interrupt_4           0x009a1a         Code  Gb  stm8s_it.o [1]
_interrupt_5           0x009a1b         Code  Gb  stm8s_it.o [1]
_interrupt_6           0x009a1c         Code  Gb  stm8s_it.o [1]
_interrupt_7           0x009a1d         Code  Gb  stm8s_it.o [1]
_interrupt_8           0x009a1e         Code  Gb  stm8s_it.o [1]
_interrupt_9           0x009a1f         Code  Gb  stm8s_it.o [1]
_lcd_blink_cursor      0x00006a    0x1  Data  Gb  SPI_LCD_TM1723.o [1]
_lcd_buf               0x00004a   0x10  Data  Gb  SPI_LCD_TM1723.o [1]
_lcd_fan_cursor_fast   0x00006d    0x1  Data  Gb  SPI_LCD_TM1723.o [1]
_lcd_fan_cursor_med    0x00006c    0x1  Data  Gb  SPI_LCD_TM1723.o [1]
_lcd_fan_cursor_slow   0x00006b    0x1  Data  Gb  SPI_LCD_TM1723.o [1]
_num_pos               0x0080c4    0x9  Data  Gb  SPI_LCD_TM1723.o [1]
_num_pos_blackCTRL     0x0080cd    0x4  Data  Gb  SPI_LCD_TM1723.o [1]
_num_to_7seg0          0x008094    0xc  Data  Gb  SPI_LCD_TM1723.o [1]
_num_to_7seg1          0x0080a0    0xc  Data  Gb  SPI_LCD_TM1723.o [1]
_num_to_7seg2          0x0080ac    0xc  Data  Gb  SPI_LCD_TM1723.o [1]
_num_to_7seg_black2    0x0080b8    0xc  Data  Gb  SPI_LCD_TM1723.o [1]
ctrlHandle             0x000064    0x2  Data  Gb  main.o [1]
exit                   0x009a0d    0x4  Code  Gb  exit.o [4]
gCtrl                  0x000011   0x23  Data  Gb  main.o [1]
gKeys                  0x000034   0x16  Data  Gb  main.o [1]
gMain                  0x000066    0x2  Data  Gb  main.o [1]
gMainWorkingMode       0x000072    0x1  Data  Gb  main.o [1]
keyHandle              0x000062    0x2  Data  Gb  main.o [1]
led_reset_cnt          0x000068    0x2  Data  Gb  main.o [1]
main                   0x009374   0x75  Code  Gb  main.o [1]
tp_set_cnt             0x00005a    0x8  Data  Gb  main.o [1]


[1] = C:\00FirmwareWorkingAChau\Working\STM8\GTSV_Universal\Project\WorkingUniversalOptimize\IAR\Debug\Obj
[2] = command line
[3] = dbgstm8mmd.a
[4] = dlstm8mmn.a

  6 488 bytes of readonly  code memory
    210 bytes of readonly  data memory
    372 bytes of readwrite data memory

Errors: none
Warnings: none
